<?xml version="1.0"?>
<root>
  <_int_0>one</_int_0>
  <_int_1>two</_int_1>
  <_int_2>three</_int_2>
</root>
