<?xml version="1.0"?>
<root xmlns="https://github.com/ellisgl/GeekLab-ArrayTranslation"/>
