<?xml version="1.0"?>
<root>
  <_10this>1</_10this>
</root>
