<?xml version="1.0"?>
<root>
  <user>
    <_0>
      <name>een</name>
      <age>10</age>
    </_0>
    <twee>
      <name>twee</name>
      <age>12</age>
    </twee>
  </user>
</root>
